############### MM  ##############
5 5 13
0 0 1
0 1 1
0 4 1
1 0 1
1 2 1
2 3 1
3 0 1
3 1 1
3 2 1
3 3 1
3 4 1
4 0 1
4 4 1
############### LD  ##############
5 5 8
0 0 1
1 0 1
3 0 1
3 1 1
3 2 1
3 3 1
4 0 1
4 4 1
############### UD  ##############
5 5 8
0 0 1
0 1 1
0 4 1
1 2 1
2 3 1
3 3 1
3 4 1
4 4 1
############### COO ##############
int rowIndices[13] = {
0,
0,
0,
1,
1,
2,
3,
3,
3,
3,
3,
4,
4,
};
int colIndices[13] = {
0,
1,
4,
0,
2,
3,
0,
1,
2,
3,
4,
0,
4,
};
double values[13] = {
1,
1,
1,
1,
1,
1,
1,
1,
1,
1,
1,
1,
1,
};
############### CSR ##############
int rowPtr[6] = {
0,
3,
5,
6,
11,
13,
};
int colIndices[13] = {
0,
1,
4,
0,
2,
3,
0,
1,
2,
3,
4,
0,
4,
};
double values[13] = {
1,
1,
1,
1,
1,
1,
1,
1,
1,
1,
1,
1,
1,
};
############### CSC ##############
int rowIndices[13] = {
0,
1,
3,
4,
0,
3,
1,
3,
2,
3,
0,
3,
4,
};
int colPtr[6] = {
0,
4,
6,
8,
10,
13,
};
double values[13] = {
1,
1,
1,
1,
1,
1,
1,
1,
1,
1,
1,
1,
1,
};
