############### MM  ##############
5 5 10
0 0 10.1
0 1 10.2
0 4 10.3
1 0 10.4
1 2 10.5
3 0 10.7
3 1 10.8
3 2 10.9
3 3 11.1
3 4 11.2
############### COO ##############
int rowIndices[10] = {
0,
0,
0,
1,
1,
3,
3,
3,
3,
3,
};
int colIndices[10] = {
0,
1,
4,
0,
2,
0,
1,
2,
3,
4,
};
double values[10] = {
10.1,
10.2,
10.3,
10.4,
10.5,
10.7,
10.8,
10.9,
11.1,
11.2,
};
############### CSR ##############
int rowPtr[6] = {
0,
3,
5,
5,
10,
10,
};
int colIndices[10] = {
0,
1,
4,
0,
2,
0,
1,
2,
3,
4,
};
double values[10] = {
10.1,
10.2,
10.3,
10.4,
10.5,
10.7,
10.8,
10.9,
11.1,
11.2,
};
############### CSC ##############
int rowIndices[10] = {
0,
1,
3,
0,
3,
10,
3,
3,
0,
3,
};
int colPtr[6] = {
0,
3,
5,
7,
8,
10,
};
double values[10] = {
10.1,
10.4,
10.7,
10.2,
10.8,
10.5,
10.9,
11.1,
10.3,
11.2,
};
