############### MM  ##############
5 5 13
3 2 10.9
2 3 10.6
0 1 10.2
1 2 10.5
0 0 10.1
4 4 11.4
3 4 11.2
3 3 11.1
1 0 10.4
3 1 10.8
4 0 11.3
3 0 10.7
0 4 10.3
############### COO ##############
int rowIndices[13] = {
0,
0,
0,
1,
1,
2,
3,
3,
3,
3,
3,
4,
4,
};
int colIndices[13] = {
0,
1,
4,
0,
2,
3,
0,
1,
2,
3,
4,
0,
4,
};
double values[13] = {
10.1,
10.2,
10.3,
10.4,
10.5,
10.6,
10.7,
10.8,
10.9,
11.1,
11.2,
11.3,
11.4,
};
############### CSR ##############
int rowPtr[6] = {
0,
3,
5,
6,
11,
13,
};
int colIndices[13] = {
0,
1,
4,
0,
2,
3,
0,
1,
2,
3,
4,
0,
4,
};
double values[13] = {
10.1,
10.2,
10.3,
10.4,
10.5,
10.6,
10.7,
10.8,
10.9,
11.1,
11.2,
11.3,
11.4,
};
############### CSC ##############
int rowIndices[13] = {
0,
1,
3,
4,
0,
3,
1,
3,
2,
3,
0,
3,
4,
};
int colPtr[6] = {
0,
4,
6,
8,
10,
13,
};
double values[13] = {
10.1,
10.4,
10.7,
11.3,
10.2,
10.8,
10.5,
10.9,
10.6,
11.1,
10.3,
11.2,
11.4,
};
